// Jest Snapshot v1, https://goo.gl/fbAQLP

exports[`renders HomePage without crashing 1`] = `ShallowWrapper {}`;
