// Jest Snapshot v1, https://goo.gl/fbAQLP

exports[`CounterCount expect to render Counter Button component 1`] = `ShallowWrapper {}`;
